[    0.000000] Linux version 4.15.0-51-generic (buildd@lgw01-amd64-059) (gcc version 7.3.0 (Ubuntu 7.3.0-16ubuntu3)) #55-Ubuntu SMP Wed May 15 14:27:21 UTC 2019 (Ubuntu 4.15.0-51.55-generic 4.15.18)
[    0.000000] Command line: BOOT_IMAGE=/boot/vmlinuz-4.15.0-51-generic root=LABEL=cloudimg-rootfs ro console=tty1 console=ttyS0
[    0.000000] KERNEL supported cpus:
[    0.000000]   Intel GenuineIntel
[    0.000000]   AMD AuthenticAMD
[    0.000000]   Centaur CentaurHauls
[    0.000000] x86/fpu: Supporting XSAVE feature 0x001: 'x87 floating point registers'
[    0.000000] x86/fpu: Supporting XSAVE feature 0x002: 'SSE registers'
[    0.000000] x86/fpu: Supporting XSAVE feature 0x004: 'AVX registers'
[    0.000000] x86/fpu: xstate_offset[2]:  576, xstate_sizes[2]:  256
[    0.000000] x86/fpu: Enabled xstate features 0x7, context size is 832 bytes, using 'standard' format.
[    0.000000] e820: BIOS-provided physical RAM map:
[    0.000000] BIOS-e820: [mem 0x0000000000000000-0x000000000009fbff] usable
[    0.000000] BIOS-e820: [mem 0x000000000009fc00-0x000000000009ffff] reserved
[    0.000000] BIOS-e820: [mem 0x00000000000f0000-0x00000000000fffff] reserved
[    0.000000] BIOS-e820: [mem 0x0000000000100000-0x000000003ffeffff] usable
[    0.000000] BIOS-e820: [mem 0x000000003fff0000-0x000000003fffffff] ACPI data
[    0.000000] BIOS-e820: [mem 0x00000000fec00000-0x00000000fec00fff] reserved
[    0.000000] BIOS-e820: [mem 0x00000000fee00000-0x00000000fee00fff] reserved
[    0.000000] BIOS-e820: [mem 0x00000000fffc0000-0x00000000ffffffff] reserved
[    0.000000] NX (Execute Disable) protection: active
[    0.000000] SMBIOS 2.5 present.
[    0.000000] DMI: innotek GmbH VirtualBox/VirtualBox, BIOS VirtualBox 12/01/2006
[    0.000000] Hypervisor detected: KVM
[    0.000000] e820: last_pfn = 0x3fff0 max_arch_pfn = 0x400000000
[    0.000000] MTRR: Disabled
[    0.000000] x86/PAT: MTRRs disabled, skipping PAT initialization too.
[    0.000000] CPU MTRRs all blank - virtualized system.
[    0.000000] x86/PAT: Configuration [0-7]: WB  WT  UC- UC  WB  WT  UC- UC  
[    0.000000] found SMP MP-table at [mem 0x0009fff0-0x0009ffff] mapped at [        (ptrval)]
[    0.000000] Scanning 1 areas for low memory corruption
[    0.000000] RAMDISK: [mem 0x35a95000-0x36d41fff]
[    0.000000] ACPI: Early table checksum verification disabled
[    0.000000] ACPI: RSDP 0x00000000000E0000 000024 (v02 VBOX  )
[    0.000000] ACPI: XSDT 0x000000003FFF0030 00003C (v01 VBOX   VBOXXSDT 00000001 ASL  00000061)
[    0.000000] ACPI: FACP 0x000000003FFF00F0 0000F4 (v04 VBOX   VBOXFACP 00000001 ASL  00000061)
[    0.000000] ACPI: DSDT 0x000000003FFF0470 0021FF (v02 VBOX   VBOXBIOS 00000002 INTL 20100528)
[    0.000000] ACPI: FACS 0x000000003FFF0200 000040
[    0.000000] ACPI: FACS 0x000000003FFF0200 000040
[    0.000000] ACPI: APIC 0x000000003FFF0240 000054 (v02 VBOX   VBOXAPIC 00000001 ASL  00000061)
[    0.000000] ACPI: SSDT 0x000000003FFF02A0 0001CC (v01 VBOX   VBOXCPUT 00000002 INTL 20100528)
[    0.000000] No NUMA configuration found
[    0.000000] Faking a node at [mem 0x0000000000000000-0x000000003ffeffff]
[    0.000000] NODE_DATA(0) allocated [mem 0x3ffc5000-0x3ffeffff]
[    0.000000] kvm-clock: cpu 0, msr 0:3ff44001, primary cpu clock
[    0.000000] kvm-clock: Using msrs 4b564d01 and 4b564d00
[    0.000000] kvm-clock: using sched offset of 5455069469 cycles
[    0.000000] clocksource: kvm-clock: mask: 0xffffffffffffffff max_cycles: 0x1cd42e4dffb, max_idle_ns: 881590591483 ns
[    0.000000] Zone ranges:
[    0.000000]   DMA      [mem 0x0000000000001000-0x0000000000ffffff]
[    0.000000]   DMA32    [mem 0x0000000001000000-0x000000003ffeffff]
[    0.000000]   Normal   empty
[    0.000000]   Device   empty
[    0.000000] Movable zone start for each node
[    0.000000] Early memory node ranges
[    0.000000]   node   0: [mem 0x0000000000001000-0x000000000009efff]
[    0.000000]   node   0: [mem 0x0000000000100000-0x000000003ffeffff]
[    0.000000] Reserved but unavailable: 114 pages
[    0.000000] Initmem setup node 0 [mem 0x0000000000001000-0x000000003ffeffff]
[    0.000000] ACPI: PM-Timer IO Port: 0x4008
[    0.000000] IOAPIC[0]: apic_id 1, version 32, address 0xfec00000, GSI 0-23
[    0.000000] ACPI: INT_SRC_OVR (bus 0 bus_irq 0 global_irq 2 dfl dfl)
[    0.000000] ACPI: INT_SRC_OVR (bus 0 bus_irq 9 global_irq 9 low level)
[    0.000000] Using ACPI (MADT) for SMP configuration information
[    0.000000] smpboot: Allowing 1 CPUs, 0 hotplug CPUs
[    0.000000] PM: Registered nosave memory: [mem 0x00000000-0x00000fff]
[    0.000000] PM: Registered nosave memory: [mem 0x0009f000-0x0009ffff]
[    0.000000] PM: Registered nosave memory: [mem 0x000a0000-0x000effff]
[    0.000000] PM: Registered nosave memory: [mem 0x000f0000-0x000fffff]
[    0.000000] e820: [mem 0x40000000-0xfebfffff] available for PCI devices
[    0.000000] Booting paravirtualized kernel on KVM
[    0.000000] clocksource: refined-jiffies: mask: 0xffffffff max_cycles: 0xffffffff, max_idle_ns: 7645519600211568 ns
[    0.000000] random: get_random_bytes called from start_kernel+0x99/0x4fd with crng_init=0
[    0.000000] setup_percpu: NR_CPUS:8192 nr_cpumask_bits:1 nr_cpu_ids:1 nr_node_ids:1
[    0.000000] percpu: Embedded 46 pages/cpu @        (ptrval) s151552 r8192 d28672 u2097152
[    0.000000] PV qspinlock hash table entries: 256 (order: 0, 4096 bytes)
[    0.000000] Built 1 zonelists, mobility grouping on.  Total pages: 257913
[    0.000000] Policy zone: DMA32
[    0.000000] Kernel command line: BOOT_IMAGE=/boot/vmlinuz-4.15.0-51-generic root=LABEL=cloudimg-rootfs ro console=tty1 console=ttyS0
[    0.000000] Memory: 983644K/1048120K available (12300K kernel code, 2473K rwdata, 4272K rodata, 2408K init, 2416K bss, 64476K reserved, 0K cma-reserved)
[    0.000000] SLUB: HWalign=64, Order=0-3, MinObjects=0, CPUs=1, Nodes=1
[    0.000000] Kernel/User page tables isolation: enabled
[    0.000000] ftrace: allocating 39215 entries in 154 pages
[    0.004000] Hierarchical RCU implementation.
[    0.004000] 	RCU restricting CPUs from NR_CPUS=8192 to nr_cpu_ids=1.
[    0.004000] 	Tasks RCU enabled.
[    0.004000] RCU: Adjusting geometry for rcu_fanout_leaf=16, nr_cpu_ids=1
[    0.004000] NR_IRQS: 524544, nr_irqs: 256, preallocated irqs: 16
[    0.004000] Console: colour VGA+ 80x25
[    0.004000] console [tty1] enabled
[    0.004000] console [ttyS0] enabled
[    0.004000] ACPI: Core revision 20170831
[    0.004000] ACPI: 2 ACPI AML tables successfully acquired and loaded
[    0.004000] APIC: Switch to symmetric I/O mode setup
[    0.004439] x2apic enabled
[    0.008010] Switched APIC routing to physical x2apic.
[    0.013832] ..TIMER: vector=0x30 apic1=0 pin1=2 apic2=-1 pin2=-1
[    0.016009] tsc: Detected 2711.998 MHz processor
[    0.020015] Calibrating delay loop (skipped) preset value.. 5423.99 BogoMIPS (lpj=10847992)
[    0.024013] pid_max: default: 32768 minimum: 301
[    0.028062] Security Framework initialized
[    0.032011] Yama: becoming mindful.
[    0.036042] AppArmor: AppArmor initialized
[    0.044083] Dentry cache hash table entries: 131072 (order: 8, 1048576 bytes)
[    0.048119] Inode-cache hash table entries: 65536 (order: 7, 524288 bytes)
[    0.052033] Mount-cache hash table entries: 2048 (order: 2, 16384 bytes)
[    0.056017] Mountpoint-cache hash table entries: 2048 (order: 2, 16384 bytes)
[    0.060292] mce: CPU supports 0 MCE banks
[    0.064031] process: using mwait in idle threads
[    0.068009] Last level iTLB entries: 4KB 64, 2MB 8, 4MB 8
[    0.072013] Last level dTLB entries: 4KB 64, 2MB 0, 4MB 0, 1GB 4
[    0.076011] Spectre V2 : Mitigation: Full generic retpoline
[    0.080007] Spectre V2 : Spectre v2 / SpectreRSB mitigation: Filling RSB on context switch
[    0.084009] Speculative Store Bypass: Vulnerable
[    0.088096] MDS: Vulnerable: Clear CPU buffers attempted, no microcode
[    0.117658] Freeing SMP alternatives memory: 36K
[    0.128000] smpboot: CPU0: Intel(R) Core(TM) i5-7300U CPU @ 2.60GHz (family: 0x6, model: 0x8e, stepping: 0x9)
[    0.128134] Performance Events: unsupported p6 CPU model 142 no PMU driver, software events only.
[    0.132071] Hierarchical SRCU implementation.
[    0.140554] NMI watchdog: Perf event create on CPU 0 failed with -2
[    0.144012] NMI watchdog: Perf NMI watchdog permanently disabled
[    0.152034] smp: Bringing up secondary CPUs ...
[    0.156010] smp: Brought up 1 node, 1 CPU
[    0.160009] smpboot: Max logical packages: 1
[    0.164016] smpboot: Total of 1 processors activated (5423.99 BogoMIPS)
[    0.168273] devtmpfs: initialized
[    0.172111] x86/mm: Memory block size: 128MB
[    0.180166] evm: security.selinux
[    0.184008] evm: security.SMACK64
[    0.188010] evm: security.SMACK64EXEC
[    0.192013] evm: security.SMACK64TRANSMUTE
[    0.196008] evm: security.SMACK64MMAP
[    0.200008] evm: security.apparmor
[    0.204009] evm: security.ima
[    0.208008] evm: security.capability
[    0.212169] clocksource: jiffies: mask: 0xffffffff max_cycles: 0xffffffff, max_idle_ns: 7645041785100000 ns
[    0.216027] futex hash table entries: 256 (order: 2, 16384 bytes)
[    0.220166] pinctrl core: initialized pinctrl subsystem
[    0.224244] RTC time: 16:20:33, date: 07/03/19
[    0.228133] NET: Registered protocol family 16
[    0.232205] audit: initializing netlink subsys (disabled)
[    0.236202] cpuidle: using governor ladder
[    0.240017] audit: type=2000 audit(1562170838.432:1): state=initialized audit_enabled=0 res=1
[    0.244021] cpuidle: using governor menu
[    0.248097] ACPI: bus type PCI registered
[    0.252010] acpiphp: ACPI Hot Plug PCI Controller Driver version: 0.5
[    0.256243] PCI: Using configuration type 1 for base access
[    0.264018] HugeTLB registered 2.00 MiB page size, pre-allocated 0 pages
[    0.272270] ACPI: Added _OSI(Module Device)
[    0.276017] ACPI: Added _OSI(Processor Device)
[    0.280012] ACPI: Added _OSI(3.0 _SCP Extensions)
[    0.284008] ACPI: Added _OSI(Processor Aggregator Device)
[    0.288042] ACPI: Added _OSI(Linux-Dell-Video)
[    0.292015] ACPI: Added _OSI(Linux-Lenovo-NV-HDMI-Audio)
[    0.296011] ACPI: Added _OSI(Linux-HPI-Hybrid-Graphics)
[    0.304369] ACPI: Executed 1 blocks of module-level executable AML code
[    0.321789] ACPI: Interpreter enabled
[    0.324039] ACPI: (supports S0 S5)
[    0.328010] ACPI: Using IOAPIC for interrupt routing
[    0.336373] PCI: Using host bridge windows from ACPI; if necessary, use "pci=nocrs" and report a bug
[    0.340385] ACPI: Enabled 2 GPEs in block 00 to 07
[    0.368861] ACPI: PCI Root Bridge [PCI0] (domain 0000 [bus 00-ff])
[    0.372026] acpi PNP0A03:00: _OSC: OS supports [ASPM ClockPM Segments MSI]
[    0.376082] acpi PNP0A03:00: _OSC: not requesting OS control; OS requires [ExtendedConfig ASPM ClockPM MSI]
[    0.380046] acpi PNP0A03:00: fail to add MMCONFIG information, can't access extended PCI configuration space under this bridge.
[    0.388895] PCI host bridge to bus 0000:00
[    0.392014] pci_bus 0000:00: root bus resource [io  0x0000-0x0cf7 window]
[    0.396016] pci_bus 0000:00: root bus resource [io  0x0d00-0xffff window]
[    0.400012] pci_bus 0000:00: root bus resource [mem 0x000a0000-0x000bffff window]
[    0.404022] pci_bus 0000:00: root bus resource [mem 0x40000000-0xfdffffff window]
[    0.408023] pci_bus 0000:00: root bus resource [bus 00-ff]
[    0.419299] pci 0000:00:01.1: legacy IDE quirk: reg 0x10: [io  0x01f0-0x01f7]
[    0.420013] pci 0000:00:01.1: legacy IDE quirk: reg 0x14: [io  0x03f6]
[    0.424012] pci 0000:00:01.1: legacy IDE quirk: reg 0x18: [io  0x0170-0x0177]
[    0.428013] pci 0000:00:01.1: legacy IDE quirk: reg 0x1c: [io  0x0376]
[    0.492541] pci 0000:00:07.0: quirk: [io  0x4000-0x403f] claimed by PIIX4 ACPI
[    0.496081] pci 0000:00:07.0: quirk: [io  0x4100-0x410f] claimed by PIIX4 SMB
[    0.534228] ACPI: PCI Interrupt Link [LNKA] (IRQs 5 9 10 *11)
[    0.536866] ACPI: PCI Interrupt Link [LNKB] (IRQs 5 9 *10 11)
[    0.544166] ACPI: PCI Interrupt Link [LNKC] (IRQs 5 *9 10 11)
[    0.548302] ACPI: PCI Interrupt Link [LNKD] (IRQs 5 9 10 *11)
[    0.552744] SCSI subsystem initialized
[    0.556294] pci 0000:00:02.0: vgaarb: setting as boot VGA device
[    0.560000] pci 0000:00:02.0: vgaarb: VGA device added: decodes=io+mem,owns=io+mem,locks=none
[    0.560017] pci 0000:00:02.0: vgaarb: bridge control possible
[    0.564009] vgaarb: loaded
[    0.568241] ACPI: bus type USB registered
[    0.572066] usbcore: registered new interface driver usbfs
[    0.576044] usbcore: registered new interface driver hub
[    0.580047] usbcore: registered new device driver usb
[    0.584177] EDAC MC: Ver: 3.0.0
[    0.588722] PCI: Using ACPI for IRQ routing
[    0.596408] NetLabel: Initializing
[    0.600010] NetLabel:  domain hash size = 128
[    0.604011] NetLabel:  protocols = UNLABELED CIPSOv4 CALIPSO
[    0.608046] NetLabel:  unlabeled traffic allowed by default
[    0.616068] clocksource: Switched to clocksource kvm-clock
[    0.673811] VFS: Disk quotas dquot_6.6.0
[    0.703708] VFS: Dquot-cache hash table entries: 512 (order 0, 4096 bytes)
[    0.718914] AppArmor: AppArmor Filesystem Enabled
[    0.728091] pnp: PnP ACPI init
[    0.773719] pnp: PnP ACPI: found 3 devices
[    0.798344] clocksource: acpi_pm: mask: 0xffffff max_cycles: 0xffffff, max_idle_ns: 2085701024 ns
[    0.859652] NET: Registered protocol family 2
[    0.871472] TCP established hash table entries: 8192 (order: 4, 65536 bytes)
[    0.899569] TCP bind hash table entries: 8192 (order: 5, 131072 bytes)
[    0.912439] TCP: Hash tables configured (established 8192 bind 8192)
[    0.937349] UDP hash table entries: 512 (order: 2, 16384 bytes)
[    0.966625] UDP-Lite hash table entries: 512 (order: 2, 16384 bytes)
[    0.987865] NET: Registered protocol family 1
[    0.993796] pci 0000:00:00.0: Limiting direct PCI/PCI transfers
[    1.027339] pci 0000:00:01.0: Activating ISA DMA hang workarounds
[    1.074714] pci 0000:00:02.0: Video device with shadowed ROM at [mem 0x000c0000-0x000dffff]
[    1.141349] Unpacking initramfs...
[    1.925451] Freeing initrd memory: 19124K
[    1.930799] clocksource: tsc: mask: 0xffffffffffffffff max_cycles: 0x27178451938, max_idle_ns: 440795251172 ns
[    1.989663] platform rtc_cmos: registered platform RTC device (no PNP device found)
[    2.016375] Scanning for low memory corruption every 60 seconds
[    2.034875] Initialise system trusted keyrings
[    2.057420] Key type blacklist registered
[    2.075245] workingset: timestamp_bits=36 max_order=18 bucket_order=0
[    2.098898] zbud: loaded
[    2.113986] squashfs: version 4.0 (2009/01/31) Phillip Lougher
[    2.139627] fuse init (API version 7.26)
[    2.154280] Key type asymmetric registered
[    2.198860] Asymmetric key parser 'x509' registered
[    2.213256] Block layer SCSI generic (bsg) driver version 0.4 loaded (major 246)
[    2.240990] io scheduler noop registered
[    2.251594] io scheduler deadline registered
[    2.277034] io scheduler cfq registered (default)
[    2.286184] ACPI: AC Adapter [AC] (off-line)
[    2.291310] input: Power Button as /devices/LNXSYSTM:00/LNXPWRBN:00/input/input0
[    2.326183] ACPI: Power Button [PWRF]
[    2.356444] input: Sleep Button as /devices/LNXSYSTM:00/LNXSLPBN:00/input/input1
[    2.387461] ACPI: Sleep Button [SLPF]
[    2.428571] Serial: 8250/16550 driver, 32 ports, IRQ sharing enabled
[    2.439321] ACPI: Battery Slot [BAT0] (battery present)
[    2.496049] 00:02: ttyS0 at I/O 0x3f8 (irq = 4, base_baud = 115200) is a 16550A
[    2.506449] Linux agpgart interface v0.103
[    2.564379] loop: module loaded
[    2.578914] scsi host0: ata_piix
[    2.585740] scsi host1: ata_piix
[    2.619820] ata1: PATA max UDMA/33 cmd 0x1f0 ctl 0x3f6 bmdma 0xd000 irq 14
[    2.657318] ata2: PATA max UDMA/33 cmd 0x170 ctl 0x376 bmdma 0xd008 irq 15
[    2.700885] libphy: Fixed MDIO Bus: probed
[    2.725631] tun: Universal TUN/TAP device driver, 1.6
[    2.744656] PPP generic driver version 2.4.2
[    2.766715] ehci_hcd: USB 2.0 'Enhanced' Host Controller (EHCI) Driver
[    2.804313] ehci-pci: EHCI PCI platform driver
[    2.812397] ehci-platform: EHCI generic platform driver
[    2.837377] ohci_hcd: USB 1.1 'Open' Host Controller (OHCI) Driver
[    2.862313] ohci-pci: OHCI PCI platform driver
[    2.908294] ohci-platform: OHCI generic platform driver
[    2.932490] uhci_hcd: USB Universal Host Controller Interface driver
[    2.983281] i8042: PNP: PS/2 Controller [PNP0303:PS2K,PNP0f03:PS2M] at 0x60,0x64 irq 1,12
[    3.032851] serio: i8042 KBD port at 0x60,0x64 irq 1
[    3.061082] serio: i8042 AUX port at 0x60,0x64 irq 12
[    3.108931] mousedev: PS/2 mouse device common for all mice
[    3.133609] input: AT Translated Set 2 keyboard as /devices/platform/i8042/serio0/input/input2
[    3.184888] rtc_cmos rtc_cmos: rtc core: registered rtc_cmos as rtc0
[    3.229326] rtc_cmos rtc_cmos: alarms up to one day, 114 bytes nvram
[    3.269109] i2c /dev entries driver
[    3.277971] device-mapper: uevent: version 1.0.3
[    3.308831] device-mapper: ioctl: 4.37.0-ioctl (2017-09-20) initialised: dm-devel@redhat.com
[    3.355761] ledtrig-cpu: registered to indicate activity on CPUs
[    3.387169] intel_pmc_core:  initialized
[    3.400804] NET: Registered protocol family 10
[    3.415419] Segment Routing with IPv6
[    3.419725] NET: Registered protocol family 17
[    3.454328] Key type dns_resolver registered
[    3.541034] RAS: Correctable Errors collector initialized.
[    3.582970] sched_clock: Marking stable (3582908651, 0)->(6910606276, -3327697625)
[    3.641633] registered taskstats version 1
[    3.662076] Loading compiled-in X.509 certificates
[    3.686404] Loaded X.509 cert 'Build time autogenerated kernel key: c1fa4cde9d34780ae4ae655b856adc042b663c06'
[    3.729060] zswap: loaded using pool lzo/zbud
[    3.770169] Key type big_key registered
[    3.790166] Key type trusted registered
[    3.805837] Key type encrypted registered
[    3.813581] AppArmor: AppArmor sha1 policy hashing enabled
[    3.829990] ima: No TPM chip found, activating TPM-bypass! (rc=-19)
[    3.847387] ima: Allocated hash algorithm: sha1
[    3.864092] evm: HMAC attrs: 0x1
[    3.870408]   Magic number: 11:199:337
[    3.875132] tty tty58: hash matches
[    3.892895] rtc_cmos rtc_cmos: setting system clock to 2019-07-03 16:20:38 UTC (1562170838)
[    3.922123] BIOS EDD facility v0.16 2004-Jun-25, 0 devices found
[    3.933066] EDD information not available.
[    3.946396] Freeing unused kernel image memory: 2408K
[    3.972455] Write protecting the kernel read-only data: 20480k
[    3.986100] Freeing unused kernel image memory: 2008K
[    4.010525] Freeing unused kernel image memory: 1872K
[    4.071784] x86/mm: Checked W+X mappings: passed, no W+X pages found.
[    4.075875] x86/mm: Checking user space page tables
[    4.114792] x86/mm: Checked W+X mappings: passed, no W+X pages found.
Loading, please wait...
starting version 237
[    4.450172] Fusion MPT base driver 3.04.20
[    4.452542] Copyright (c) 1999-2008 LSI Corporation
[    4.472915] e1000: Intel(R) PRO/1000 Network Driver - version 7.3.21-k8-NAPI
[    4.499719] e1000: Copyright (c) 1999-2006 Intel Corporation.
[    4.599587] Fusion MPT SPI Host driver 3.04.20
[    4.729073] AVX2 version of gcm_enc/dec engaged.
[    4.740035] AES CTR mode by8 optimization enabled
[    4.776183] input: ImExPS/2 Generic Explorer Mouse as /devices/platform/i8042/serio1/input/input4
[    5.361731] e1000 0000:00:03.0 eth0: (PCI:33MHz:32-bit) 02:44:a0:33:03:e1
[    5.408458] e1000 0000:00:03.0 eth0: Intel(R) PRO/1000 Network Connection
[    5.442612] mptbase: ioc0: Initiating bringup
[    5.548985] ioc0: LSI53C1030 A0: Capabilities={Initiator}
[    5.829728] scsi host2: ioc0: LSI53C1030 A0, FwRev=00000000h, Ports=1, MaxQ=256, IRQ=20
[    6.033255] scsi 2:0:0:0: Direct-Access     VBOX     HARDDISK         1.0  PQ: 0 ANSI: 5
[    6.088767] scsi target2:0:0: Beginning Domain Validation
[    6.108696] random: fast init done
[    6.200078] scsi target2:0:0: Domain Validation skipping write tests
[    6.223968] scsi target2:0:0: Ending Domain Validation
[    6.271052] scsi target2:0:0: asynchronous
[    6.325928] scsi 2:0:1:0: Direct-Access     VBOX     HARDDISK         1.0  PQ: 0 ANSI: 5
[    6.411748] scsi target2:0:1: Beginning Domain Validation
[    6.553211] scsi target2:0:1: Domain Validation skipping write tests
[    6.581209] scsi target2:0:1: Ending Domain Validation
[    6.672474] scsi target2:0:1: asynchronous
[    6.764668] sd 2:0:0:0: [sda] 20971520 512-byte logical blocks: (10.7 GB/10.0 GiB)
[    6.820353] random: systemd-udevd: uninitialized urandom read (16 bytes read)
[    6.868058] sd 2:0:0:0: Attached scsi generic sg0 type 0
[    6.915315] random: systemd-udevd: uninitialized urandom read (16 bytes read)
[    6.952592] sd 2:0:1:0: Attached scsi generic sg1 type 0
[    6.965293] sd 2:0:0:0: [sda] Write Protect is off
[    6.988643] sd 2:0:1:0: [sdb] 20480 512-byte logical blocks: (10.5 MB/10.0 MiB)
[    7.038803] sd 2:0:0:0: [sda] Incomplete mode parameter data
[    7.066134] sd 2:0:0:0: [sda] Assuming drive cache: write through
[    7.085836] random: systemd-udevd: uninitialized urandom read (16 bytes read)
[    7.120664] sd 2:0:1:0: [sdb] Write Protect is off
[    7.163071] e1000 0000:00:08.0 eth1: (PCI:33MHz:32-bit) 08:00:27:55:32:c8
[    7.180112] e1000 0000:00:08.0 eth1: Intel(R) PRO/1000 Network Connection
[    7.196642] sd 2:0:1:0: [sdb] Incomplete mode parameter data
[    7.234543] sd 2:0:1:0: [sdb] Assuming drive cache: write through
[    7.267265] e1000 0000:00:08.0 enp0s8: renamed from eth1
[    7.278655]  sda: sda1
[    7.316757] e1000 0000:00:03.0 enp0s3: renamed from eth0
[    7.336261] sd 2:0:0:0: [sda] Attached SCSI disk
[    7.357869] sd 2:0:1:0: [sdb] Attached SCSI disk
Begin: Loading essential drivers ... [    9.196212] raid6: sse2x1   gen()  6663 MB/s
[    9.260387] raid6: sse2x1   xor()  4431 MB/s
[    9.324090] raid6: sse2x2   gen()  6538 MB/s
[    9.400308] raid6: sse2x2   xor()  5340 MB/s
[    9.472476] raid6: sse2x4   gen()  8310 MB/s
[    9.536168] raid6: sse2x4   xor()  5472 MB/s
[    9.600344] raid6: avx2x1   gen() 10121 MB/s
[    9.652474] raid6: avx2x1   xor()  7316 MB/s
[    9.728255] raid6: avx2x2   gen() 13181 MB/s
[    9.796353] raid6: avx2x2   xor()  8243 MB/s
[    9.864033] raid6: avx2x4   gen() 14564 MB/s
[    9.928325] raid6: avx2x4   xor()  9509 MB/s
[    9.943738] raid6: using algorithm avx2x4 gen() 14564 MB/s
[    9.960311] raid6: .... xor() 9509 MB/s, rmw enabled
[    9.970846] raid6: using avx2x2 recovery algorithm
[    9.978653] xor: automatically using best checksumming function   avx       
[   10.003214] async_tx: api initialized (async)
done.
Begin: Running /scripts/init-premount ... done.
Begin: Mounting root file system ... Begin: Running /scripts/[   10.130679] Btrfs loaded, crc32c=crc32c-intel
local-top ... done.
Begin: Running /scripts/local-premount ... [   10.188892] EXT4-fs (sda1): INFO: recovery required on readonly filesystem
Scanning for Btr[   10.202573] EXT4-fs (sda1): write access will be enabled during recovery
fs filesystems
done.
Warning: fsck not present, so skipping root file system
[   10.312178] EXT4-fs (sda1): recovery complete
[   10.324911] EXT4-fs (sda1): mounted filesystem with ordered data mode. Opts: (null)
done.
Begin: Running /scripts/local-bottom ... done.
Begin: Running /scripts/init-bottom ... done.
[   10.547908] ip_tables: (C) 2000-2006 Netfilter Core Team
[   10.574258] systemd[1]: systemd 237 running in system mode. (+PAM +AUDIT +SELINUX +IMA +APPARMOR +SMACK +SYSVINIT +UTMP +LIBCRYPTSETUP +GCRYPT +GNUTLS +ACL +XZ +LZ4 +SECCOMP +BLKID +ELFUTILS +KMOD -IDN2 +IDN -PCRE2 default-hierarchy=hybrid)
[   10.616200] systemd[1]: Detected virtualization oracle.
[   10.636561] systemd[1]: Detected architecture x86-64.

Welcome to [1mUbuntu 18.04.2 LTS[0m!

[   10.692946] systemd[1]: Set hostname to <docker-node2>.
[   11.076539] systemd[1]: Reached target System Time Synchronized.
[[0;32m  OK  [0m] Reached target System Time Synchronized.
[   11.116598] systemd[1]: Reached target Swap.
[[0;32m  OK  [0m] Reached target Swap.
[   11.172369] systemd[1]: Reached target User and Group Name Lookups.
[[0;32m  OK  [0m] Reached target User and Group Name Lookups.
[   11.224521] systemd[1]: Started Forward Password Requests to Wall Directory Watch.
[[0;32m  OK  [0m] Started Forward Password Requests to Wall Directory Watch.
[   11.312817] systemd[1]: Set up automount Arbitrary Executable File Formats File System Automount Point.
[[0;32m  OK  [0m] Set up automount Arbitrary Executabâ€¦rmats File System Automount Point.
[   11.453888] systemd[1]: Created slice User and Session Slice.
[[0;32m  OK  [0m] Created slice User and Session Slice.
[[0;32m  OK  [0m] Created slice System Slice.
[[0;32m  OK  [0m] Listening on /dev/initctl Compatibility Named Pipe.
[[0;32m  OK  [0m] Reached target Slices.
[[0;32m  OK  [0m] Listening on LVM2 metadata daemon socket.
[[0;32m  OK  [0m] Listening on Network Service Netlink Socket.
[[0;32m  OK  [0m] Listening on Journal Audit Socket.
[[0;32m  OK  [0m] Listening on Syslog Socket.
[[0;32m  OK  [0m] Listening on LVM2 poll daemon[   11.904221] random: crng init done
[   11.921484] random: 7 urandom warning(s) missed due to ratelimiting
 socket.
[[0;32m  OK  [0m] Listening on Device-mapper event daemon FIFOs.
[[0;32m  OK  [0m] Listening on udev Kernel Socket.
[[0;32m  OK  [0m] Listening on Journal Socket (/dev/log).
[[0;32m  OK  [0m] Listening on udev Control Socket.
[[0;32m  OK  [0m] Created slice system-serial\x2dgetty.slice.
[[0;32m  OK  [0m] Listening on Journal Socket.
         Mounting POSIX Message Queue File System...
         Starting Uncomplicated firewall...
         Starting Load Kernel Modules...[   12.333002] Loading iSCSI transport class v2.0-870.

         Starting Remount Root and Kernel[   12.385178] iscsi: registered transport (tcp)
 File Systems...[   12.406449] EXT4-fs (sda1): re-mounted. Opts: (null)

         Starting Create list of required[   12.504789] iscsi: registered transport (iser)
 stâ€¦ce nodes for the current kernel...
         Starting Set the console keyboard layout...
         Mounting Huge Pages File System...
         Mounting Kernel Debug File System...
         Starting udev Coldplug all Devices...
         Starting Monitoring of LVM2 mirrorsâ€¦ng dmeventd or progress polling...
         Starting Journal Service...
[[0;32m  OK  [0m] Mounted POSIX Message Queue File System.
[[0;32m  OK  [0m] Started Uncomplicated firewall.
[[0;32m  OK  [0m] Started Load Kernel Modules.
[[0;32m  OK  [0m] Started Remount Root and Kernel File Systems.
[[0;32m  OK  [0m] Started Create list of required staâ€¦vice nodes for the current kernel.
[[0;32m  OK  [0m] Started Journal Service.
[[0;32m  OK  [0m] Started Set the console keyboard layout.
[[0;32m  OK  [0m] Mounted Huge Pages File System.
[[0;32m  OK  [0m] Mounted Kernel Debug File System.
[[0;32m  OK  [0m] Started LVM2 metadata daemon.
         Starting Create Static Device Nodes in /dev...
         Starting Load/Save Random Seed...
         Starting Flush Journal to Persistent Storage...
         Mounting Kernel Configuration File System...
         Mounting FUSE Control File System...
         Starting Apply Kernel Variables...
[[0;32m  OK  [0m] Started Monitoring of LVM2 mirrors,â€¦sing dmeventd or progress polling.
[[0;32m  OK  [0m] Started udev Coldplug all Devices.
[[0;32m  OK  [0m] Started Create Static Device Nodes in /dev.
[[0;32m  OK  [0m] Started Load/Save Random Seed.
[[0;32m  OK  [0m] Mounted Kernel Configuration File System.
[[0;32m  OK  [0m] Mounted FUSE Control File System.
[[0;32m  OK  [0m] Started Apply Kernel Variables.
         Starting udev Kernel Device Manager...
[[0;32m  OK  [0m] Reached target Local File Systems (Pre).
[[0;32m  OK  [0m] Reached target Local File Systems.
         Starting Tell Plymouth To Write Out Runtime Data...
         Starting ebtables ruleset management...
         Starting Set console font and keymap...
         Starting AppArmor initialization...
[[0;32m  OK  [0m] Started udev Kernel Device Manager.
[[0;32m  OK  [0m] Started Flush Journal to Persistent Storage.
[[0;32m  OK  [0m] Started Tell Plymouth To Write Out Runtime Data.
[[0;32m  OK  [0m] Started Set console font and keymap.
         Starting Create Volatile Files and Directories...
[[0;32m  OK  [0m] Started Dispatch Password Requests to Console Directory Watch.
[[0;32m  OK  [0m] Reached target Local Encrypted Volumes.
[[0;32m  OK  [0m] Started Create Volatile Files and Directories.
         Starting Update UTMP about System Boot/Shutdown...
[[0;32m  OK  [0m] Started ebtables ruleset management.
[[0;32m  OK  [0m] Started Update UTMP about System Boot/Shutdown.
[[0;32m  OK  [0m] Started AppArmor initialization.
         Starting Initial cloud-init job (pre-networking)...
[[0;32m  OK  [0m] Found device /dev/ttyS0.
[[0;32m  OK  [0m] Listening on Load/Save RF Kill Switch Status /dev/rfkill Watch.
[   20.529003] cloud-init[497]: Cloud-init v. 19.1-1-gbaa47854-0ubuntu1~18.04.1 running 'init-local' at Wed, 03 Jul 2019 16:20:54 +0000. Up 19.93 seconds.
[[0;32m  OK  [0m] Started Initial cloud-init job (pre-networking).
[[0;32m  OK  [0m] Reached target Network (Pre).
         Starting Network Service...
[[0;32m  OK  [0m] Started Network Service.
         Starting Network Name Resolution...
         Starting Wait for Network to be Configured...
[[0;32m  OK  [0m] Started Network Name Resolution.
[[0;32m  OK  [0m] Reached target Host and Network Name Lookups.
[[0;32m  OK  [0m] Reached target Network.
[[0;32m  OK  [0m] Started Wait for Network to be Configured.
         Starting Initial cloud-init job (metadata service crawler)...
[   24.939215] cloud-init[667]: Cloud-init v. 19.1-1-gbaa47854-0ubuntu1~18.04.1 running 'init' at Wed, 03 Jul 2019 16:20:58 +0000. Up 24.34 seconds.
[   25.052648] cloud-init[667]: ci-info: ++++++++++++++++++++++++++++++++++++++Net device info+++++++++++++++++++++++++++++++++++++++
[   25.148217] cloud-init[667]: ci-info: +--------+------+-----------------------------+---------------+--------+-------------------+
[   25.216496] cloud-init[667]: ci-info: | Device |  Up  |           Address           |      Mask     | Scope  |     Hw-Address    |
[[0;32m  OK  [0m] Started Initial cloud-init job (metadata service crawler).
[[0;32m  OK  [0m] Reached target System Initialization.
[   25.347933] cloud-init[667]: ci-info: +--------+------+-----------------------------+---------------+--------+-------------------+
[   25.588412] cloud-init[667]: ci-info: | enp0s3 | True |          10.0.2.15          | 255.255.255.0 | global | 02:44:a0:33:03:e1 |
[   25.736314] cloud-init[667]: ci-info: | enp0s3 | True |  fe80::44:a0ff:fe33:3e1/64  |       .       |  link  | 02:44:a0:33:03:e1 |
[   25.846275] cloud-init[667]: ci-info: | enp0s8 | True |        192.168.56.12        | 255.255.255.0 | global | 08:00:27:55:32:c8 |
[   25.956507] cloud-init[667]: ci-info: | enp0s8 | True | fe80::a00:27ff:fe55:32c8/64 |       .       |  link  | 08:00:27:55:32:c8 |
[[0;32m  OK  [0m] Started Daily apt download activities.
[[0;32m  OK  [0m] Started Daily apt upgrade and clean activities.
[   26.075810] cloud-init[667]: ci-info: |   lo   | True |          127.0.0.1          |   255.0.0.0   |  host  |         .         |
[   26.296340] cloud-init[667]: ci-info: |   lo   | True |           ::1/128           |       .       |  host  |         .         |
[   26.400586] cloud-init[667]: ci-info: +--------+------+-----------------------------+---------------+--------+-------------------+
[[0;32m  OK  [0m] Listening on UUID daemon activation socket.
[[0;32m  OK  [0m] Listening on ACPID Listen Socket.
[   26.510628] cloud-init[667]: ci-info: +++++++++++++++++++++++++++++Route IPv4 info+++++++++++++++++++++++++++++
         Starting LXD - unix socket.
[   26.663557] cloud-init[667]: ci-info: +-------+--------------+----------+-----------------+-----------+-------+
[   26.784702] cloud-init[667]: ci-info: | Route | Destination  | Gateway  |     Genmask     | Interface | Flags |
[   26.880449] cloud-init[667]: ci-info: +-------+--------------+----------+-----------------+-----------+-------+
[   27.012415] cloud-init[667]: ci-info: |   0   |   0.0.0.0    | 10.0.2.2 |     0.0.0.0     |   enp0s3  |   UG  |
[[0;32m  OK  [0m] Started ACPI Events Check.
[[0;32m  OK  [0m] Reached target Paths.
[   27.147022] cloud-init[667]: ci-info: |   1   |   10.0.2.0   | 0.0.0.0  |  255.255.255.0  |   enp0s3  |   U   |
[   27.368302] cloud-init[667]: ci-info: |   2   |   10.0.2.2   | 0.0.0.0  | 255.255.255.255 |   enp0s3  |   UH  |
[[0;32m  OK  [0m] Started Daily Cleanup of Temporary Directories.
         Starting Docker Socket for the API.
[[0;32m  OK  [0m] Listening on Open-iSCSI iscsid Socket.
[[0;32m  OK  [0m] Listening on D-Bus System Message Bus Socket.
[[0;32m  OK  [0m] Started Discard unused blocks once a week.
         Starting Socket activation for snappy daemon.
[[0;32m  OK  [0m] Started Message of the Day.
[[0;32m  OK  [0m] Reached target Timers.
[[0;32m  OK  [0m] Reached target Network is Online.
[   27.498982] cloud-init[667]: ci-info: |   3   | 192.168.56.0 | 0.0.0.0  |  255.255.255.0  |   enp0s8  |   U   |
[   28.304679] cloud-init[667]: ci-info: +-------+--------------+----------+-----------------+-----------+-------+
[[0;32m  OK  [0m] Reached target Remote File Systems (Pre).
[   28.459576] cloud-init[667]: ci-info: +++++++++++++++++++Route IPv6 info+++++++++++++++++++
[   28.639431] cloud-init[667]: ci-info: +-------+-------------+---------+-----------+-------+
[[   28.728417] cloud-init[667]: ci-info: | Route | Destination | Gateway | Interface | Flags |
[   28.729056] cloud-init[667]: ci-info: +-------+-------------+---------+-----------+-------+
[   28.729157] cloud-init[667]: ci-info: |   1   |  fe80::/64  |    ::   |   enp0s8  |   U   |
[   28.729234] cloud-init[667]: ci-info: |   2   |  fe80::/64  |    ::   |   enp0s3  |   U   |
[   28.729305] cloud-init[667]: ci-info: |   4   |    local    |    ::   |   enp0s3  |   U   |
[   28.729378] cloud-init[667]: ci-info: |   5   |    local    |    ::   |   enp0s8  |   U   |
[   28.729449] cloud-init[667]: ci-info: |   6   |   ff00::/8  |    ::   |   enp0s8  |   U   |
[   28.729517] cloud-init[667]: ci-info: |   7   |   ff00::/8  |    ::   |   enp0s3  |   U   |
[   28.729641] cloud-init[667]: ci-info: +-------+-------------+---------+-----------+-------+
[0;32m  OK  [0m] Reached target Remote File Systems.
         Starting Availability of block devices...
[[0;32m  OK  [0m] Reached target Cloud-config availability.
[[0;32m  OK  [0m] Listening on LXD - unix socket.
[[0;32m  OK  [0m] Listening on Docker Socket for the API.
[[0;32m  OK  [0m] Listening on Socket activation for snappy daemon.
[[0;32m  OK  [0m] Started Availability of block devices.
[[0;32m  OK  [0m] Reached target Sockets.
[[0;32m  OK  [0m] Reached target Basic System.
         Starting Permit User Sessions...
[[0;32m  OK  [0m] Started FUSE filesystem for LXC.
         Starting Virtualbox guest utils...
         Starting Login Service...
[[0;32m  OK  [0m] Started Deferred execution scheduler.
         Starting LSB: automatic crash report generation...
         Starting OpenBSD Secure Shell server...
         Starting LSB: Record successful boot for GRUB...
         Starting System Logging Service...
         Starting containerd container runtime...
         Starting Accounts Service...
         Starting Dispatcher daemon for systemd-networkd...
[[0;32m  OK  [0m] Started Regular background program processing daemon.
[[0;32m  OK  [0m] Started irqbalance daemon.
[[0;32m  OK  [0m] Started D-Bus System Message Bus.
[[0;32m  OK  [0m] Started Login Service.
[[0;32m  OK  [0m] Started Unattended Upgrades Shutdown.
         Starting Snappy daemon...
         Starting LXD - container startup/shutdown...
[[0;32m  OK  [0m] Started System Logging Service.
[[0;32m  OK  [0m] Started Permit User Sessions.
[[0;32m  OK  [0m] Started containerd container runtime.
         Starting Authorization Manager...
         Starting Docker Application Container Engine...
         Starting Hold until boot process finishes up...
         Starting Terminate Plymouth Boot Screen...
[[0;32m  OK  [0m] Started OpenBSD Secure Shell server.
[[0;32m  OK  [0m] Started Hold until boot process finishes up.
[[0;32m  OK  [0m] Started Terminate Plymouth Boot Screen.
         Starting Set console scheme...
[[0;32m  OK  [0m] Started Serial Getty on ttyS0.
[[0;32m  OK  [0m] Started LSB: Record successful boot for GRUB.
[[0;32m  OK  [0m] Started LSB: automatic crash report generation.
[[0;32m  OK  [0m] Started LXD - container startup/shutdown.
[[0;32m  OK  [0m] Started Set console scheme.
[[0;32m  OK  [0m] Started Authorization Manager.
[[0;32m  OK  [0m] Started Accounts Service.
[[0;32m  OK  [0m] Started Snappy daemon.
         Starting Wait until snapd is fully seeded...
[[0;32m  OK  [0m] Created slice system-getty.slice.
[[0;32m  OK  [0m] Started Getty on tty1.
[[0;32m  OK  [0m] Reached target Login Prompts.
[[0;32m  OK  [0m] Started Virtualbox guest utils.
[[0;32m  OK  [0m] Started Wait until snapd is fully seeded.
[[0;32m  OK  [0m] Started Dispatcher daemon for systemd-networkd.
         Starting Apply the settings specified in cloud-config...
[    5.679606] cloud-init[991]: Cloud-init v. 19.1-1-gbaa47854-0ubuntu1~18.04.1 running 'modules:config' at Wed, 03 Jul 2019 16:21:09 +0000. Up 35.16 seconds.
[[0;32m  OK  [0m] Started Apply the settings specified in cloud-config.
[[0;32m  OK  [0m] Started Docker Application Container Engine.
[[0;32m  OK  [0m] Reached target Multi-User System.
[[0;32m  OK  [0m] Reached target Graphical Interface.
         Starting Execute cloud user/final scripts...
         Starting Update UTMP about System Ru[ 4541.974101] IPVS: rr: FWM 260 0x00000104 - no destination available
[ 4544.218995] IPVS: rr: FWM 260 0x00000104 - no destination available
de2 login: [   39.158620] cloud-init[1282]: Cloud-init v. 19.1-1-gbaa47854-0ubuntu1~18.04.1 running 'modules:final' at Wed, 03 Jul 2019 16:21:13 +0000. Up 38.77 seconds.
[   39.159295] cloud-init[1282]: Cloud-init v. 19.1-1-gbaa47854-0ubuntu1~18.04.1 finished at Wed, 03 Jul 2019 16:21:13 +0000. Datasource DataSourceNoCloud [seed=/dev/sdb][dsmode=net].  Up 39.13 seconds
